contoso.local\User00000:Purple
contoso.local\User00001:test
contoso.local\User00002:123456
contoso.local\User00003:abc123
contoso.local\User00004:Hockey
contoso.local\User00005:123456
contoso.local\User00006:ou812
contoso.local\User00007:password
contoso.local\User00008:notused
contoso.local\User00009:Maddock
contoso.local\User00010:mickey
contoso.local\User00011:Hockey
contoso.local\User00012:password
contoso.local\User00013:test
contoso.local\User00014:newuser
contoso.local\User00015:abc123
contoso.local\User00016:0246
contoso.local\User00017:1q2w3e
contoso.local\User00018:Beavis
contoso.local\User00019:Justin
contoso.local\User00020:password
contoso.local\User00021:Cowboys
contoso.local\User00022:money
contoso.local\User00023:Mickey
contoso.local\User00024:notused
contoso.local\User00025:
contoso.local\User00026:newpass
contoso.local\User00027:12345678
contoso.local\User00028:a1b2c3
contoso.local\User00029:Jessica
contoso.local\User00030:notused
contoso.local\User00031:wheeling
contoso.local\User00032:abc123
contoso.local\User00033:Beavis
contoso.local\User00034:internet
contoso.local\User00035:
contoso.local\User00036:Cowboys
contoso.local\User00037:123456
contoso.local\User00038:tigger
contoso.local\User00039:Internet
contoso.local\User00040:
contoso.local\User00041:notused
contoso.local\User00042:mustang
contoso.local\User00043:abc123
contoso.local\User00044:passwd
contoso.local\User00045:mustang
contoso.local\User00046:abc123
contoso.local\User00047:Maddock
contoso.local\User00048:abc123
contoso.local\User00049:Jessica
contoso.local\User00050:Beavis
contoso.local\User00051:newpass
contoso.local\User00052:
contoso.local\User00053:password
contoso.local\User00054:Hockey
contoso.local\User00055:jordan
contoso.local\User00056:12345
contoso.local\User00057:internet
contoso.local\User00058:fiction
contoso.local\User00059:internet
contoso.local\User00060:123
contoso.local\User00061:internet
contoso.local\User00062:patrick
contoso.local\User00063:12345678
contoso.local\User00064:Maddock
contoso.local\User00065:newpass
contoso.local\User00066:12345678
contoso.local\User00067:123456
contoso.local\User00068:Maddock
contoso.local\User00069:password
contoso.local\User00070:12345
contoso.local\User00071:12345
contoso.local\User00072:newuser
contoso.local\User00073:Internet
contoso.local\User00074:notused
contoso.local\User00075:
contoso.local\User00076:test
contoso.local\User00077:Qwerty
contoso.local\User00078:foobar
contoso.local\User00079:Purple
contoso.local\User00080:money
contoso.local\User00081:foobar
contoso.local\User00082:internet
contoso.local\User00083:123456
contoso.local\User00084:fiction
contoso.local\User00085:password
contoso.local\User00086:123
contoso.local\User00087:Sports
contoso.local\User00088:jennifer
contoso.local\User00089:12345678
contoso.local\User00090:Dakota
contoso.local\User00091:Maddock
contoso.local\User00092:newpass
contoso.local\User00093:Internet
contoso.local\User00094:!@#$%
contoso.local\User00095:chris
contoso.local\User00096:orange
contoso.local\User00097:
contoso.local\User00098:newuser
contoso.local\User00099:notused
contoso.local\User00100:newuser
contoso.local\User00101:Sports
contoso.local\User00102:abc123
contoso.local\User00103:Jordan
contoso.local\User00104:12345
contoso.local\User00105:abc123
contoso.local\User00106:1234
contoso.local\User00107:passwd
contoso.local\User00108:123
contoso.local\User00109:
contoso.local\User00110:12345
contoso.local\User00111:qwerty
contoso.local\User00112:
contoso.local\User00113:Maddock
contoso.local\User00114:0246
contoso.local\User00115:internet
contoso.local\User00116:Mickey
contoso.local\User00117:
contoso.local\User00118:computer
contoso.local\User00119:12345678
contoso.local\User00120:Maddock
contoso.local\User00121:123456
contoso.local\User00122:passwd
contoso.local\User00123:mike
contoso.local\User00124:
contoso.local\User00125:
contoso.local\User00126:monday
contoso.local\User00127:12345
contoso.local\User00128:12345
contoso.local\User00129:abc123
contoso.local\User00130:1234
contoso.local\User00131:clever
contoso.local\User00132:
contoso.local\User00133:newpass
contoso.local\User00134:
contoso.local\User00135:abc123
contoso.local\User00136:abc123
contoso.local\User00137:computer
contoso.local\User00138:passwd
contoso.local\User00139:12345
contoso.local\User00140:Hockey
contoso.local\User00141:
contoso.local\User00142:
contoso.local\User00143:bandit
contoso.local\User00144:abc123
contoso.local\User00145:passwd
contoso.local\User00146:Jordan
contoso.local\User00147:shadow
contoso.local\User00148:david
contoso.local\User00149:12345
contoso.local\User00150:Mickey
contoso.local\User00151:Dallas
contoso.local\User00152:
contoso.local\User00153:Mickey
contoso.local\User00154:Sports
contoso.local\User00155:passwd
contoso.local\User00156:abc123
contoso.local\User00157:12345678
contoso.local\User00158:newpass
contoso.local\User00159:12345
contoso.local\User00160:notused
contoso.local\User00161:123456
contoso.local\User00162:Maddock
contoso.local\User00163:Hockey
contoso.local\User00164:password
contoso.local\User00165:passwd
contoso.local\User00166:shadow
contoso.local\User00167:abc123
contoso.local\User00168:internet
contoso.local\User00169:
contoso.local\User00170:Jordan
contoso.local\User00171:passwd
contoso.local\User00172:
contoso.local\User00173:password
contoso.local\User00174:abc123
contoso.local\User00175:sunshine
contoso.local\User00176:passwd
contoso.local\User00177:password
contoso.local\User00178:passwd
contoso.local\User00179:Amanda
contoso.local\User00180:computer
contoso.local\User00181:newuser
contoso.local\User00182:fiction
contoso.local\User00183:123456
contoso.local\User00184:123456
contoso.local\User00185:computer
contoso.local\User00186:
contoso.local\User00187:abc123
contoso.local\User00188:passwd
contoso.local\User00189:abc123
contoso.local\User00190:computer
contoso.local\User00191:123456
contoso.local\User00192:Monkey
contoso.local\User00193:Maddock
contoso.local\User00194:123456
contoso.local\User00195:123456
contoso.local\User00196:qwerty
contoso.local\User00197:123456
contoso.local\User00198:Internet
contoso.local\User00199:
contoso.local\User00200:newpass
contoso.local\User00201:abc123
contoso.local\User00202:12345
contoso.local\User00203:Hockey
contoso.local\User00204:notused
contoso.local\User00205:internet
contoso.local\User00206:test
contoso.local\User00207:School
contoso.local\User00208:notused
contoso.local\User00209:password
contoso.local\User00210:notused
contoso.local\User00211:Beavis
contoso.local\User00212:Monkey
contoso.local\User00213:123
contoso.local\User00214:12345
contoso.local\User00215:Eagles
contoso.local\User00216:computer
contoso.local\User00217:
contoso.local\User00218:Cowboys
contoso.local\User00219:Shadow
contoso.local\User00220:123456
contoso.local\User00221:Mickey
contoso.local\User00222:password
contoso.local\User00223:abc123
contoso.local\User00224:Cowboys
contoso.local\User00225:
contoso.local\User00226:tigger
contoso.local\User00227:Hockey
contoso.local\User00228:
contoso.local\User00229:12345
contoso.local\User00230:computer
contoso.local\User00231:Monkey
contoso.local\User00232:password
contoso.local\User00233:michelle
contoso.local\User00234:
contoso.local\User00235:dragon
contoso.local\User00236:123456
contoso.local\User00237:
contoso.local\User00238:password
contoso.local\User00239:newpass
contoso.local\User00240:orange
contoso.local\User00241:michael
contoso.local\User00242:12345
contoso.local\User00243:Hockey
contoso.local\User00244:computer
contoso.local\User00245:passwd
contoso.local\User00246:mustang
contoso.local\User00247:password
contoso.local\User00248:
contoso.local\User00249:
contoso.local\User00250:Mickey
contoso.local\User00251:internet
contoso.local\User00252:Amanda
contoso.local\User00253:clever
contoso.local\User00254:0246
contoso.local\User00255:
contoso.local\User00256:Hatton
contoso.local\User00257:qwerty
contoso.local\User00258:Internet
contoso.local\User00259:fiction
contoso.local\User00260:Justin
contoso.local\User00261:computer
contoso.local\User00262:passwd
contoso.local\User00263:internet
contoso.local\User00264:abc123
contoso.local\User00265:Maddock
contoso.local\User00266:
contoso.local\User00267:12345
contoso.local\User00268:passwd
contoso.local\User00269:orange
contoso.local\User00270:Cowboys
contoso.local\User00271:passwd
contoso.local\User00272:newuser
contoso.local\User00273:
contoso.local\User00274:12345
contoso.local\User00275:silver
contoso.local\User00276:password
contoso.local\User00277:123456
contoso.local\User00278:internet
contoso.local\User00279:password
contoso.local\User00280:notused
contoso.local\User00281:abc123
contoso.local\User00282:
contoso.local\User00283:12345
contoso.local\User00284:Hockey
contoso.local\User00285:
contoso.local\User00286:123456
contoso.local\User00287:passwd
contoso.local\User00288:123456
contoso.local\User00289:
contoso.local\User00290:0246
contoso.local\User00291:notused
contoso.local\User00292:Purple
contoso.local\User00293:diamond
contoso.local\User00294:passwd
contoso.local\User00295:notused
contoso.local\User00296:qwerty
contoso.local\User00297:newpass
contoso.local\User00298:password
contoso.local\User00299:Jordan
contoso.local\User00300:jennifer
contoso.local\User00301:david
contoso.local\User00302:newuser
contoso.local\User00303:passwd
contoso.local\User00304:daniel
contoso.local\User00305:computer
contoso.local\User00306:
contoso.local\User00307:
contoso.local\User00308:Hatton
contoso.local\User00309:
contoso.local\User00310:
contoso.local\User00311:123456
contoso.local\User00312:Hockey
contoso.local\User00313:newpass
contoso.local\User00314:notused
contoso.local\User00315:Maddock
contoso.local\User00316:Mickey
contoso.local\User00317:123456
contoso.local\User00318:passwd
contoso.local\User00319:bandit
contoso.local\User00320:abc123
contoso.local\User00321:ou812
contoso.local\User00322:newpass
contoso.local\User00323:passwd
contoso.local\User00324:
contoso.local\User00325:wheeling
contoso.local\User00326:qwerty
contoso.local\User00327:Justin
contoso.local\User00328:newpass
contoso.local\User00329:Mickey
contoso.local\User00330:12345
contoso.local\User00331:123456
contoso.local\User00332:abc123
contoso.local\User00333:
contoso.local\User00334:Amanda
contoso.local\User00335:abc123
contoso.local\User00336:12345
contoso.local\User00337:abc123
contoso.local\User00338:123456
contoso.local\User00339:internet
contoso.local\User00340:12345
contoso.local\User00341:bandit
contoso.local\User00342:1q2w3e
contoso.local\User00343:12345
contoso.local\User00344:123456
contoso.local\User00345:Mickey
contoso.local\User00346:Qwerty
contoso.local\User00347:notused
contoso.local\User00348:chris
contoso.local\User00349:password
contoso.local\User00350:notused
contoso.local\User00351:notused
contoso.local\User00352:Internet
contoso.local\User00353:abc123
contoso.local\User00354:12345678
contoso.local\User00355:abc123
contoso.local\User00356:passwd
contoso.local\User00357:pascal
contoso.local\User00358:money
contoso.local\User00359:123
contoso.local\User00360:
contoso.local\User00361:12345
contoso.local\User00362:abc123
contoso.local\User00363:ou812
contoso.local\User00364:Purple
contoso.local\User00365:Maddock
contoso.local\User00366:Cowboys
contoso.local\User00367:Beavis
contoso.local\User00368:
contoso.local\User00369:
contoso.local\User00370:mustang
contoso.local\User00371:
contoso.local\User00372:abc123
contoso.local\User00373:
contoso.local\User00374:
contoso.local\User00375:Purple
contoso.local\User00376:passwd
contoso.local\User00377:12345
contoso.local\User00378:12345
contoso.local\User00379:Internet
contoso.local\User00380:Nicole
contoso.local\User00381:Hockey
contoso.local\User00382:money
contoso.local\User00383:Hockey
contoso.local\User00384:Maddock
contoso.local\User00385:Mickey
contoso.local\User00386:Beavis
contoso.local\User00387:test
contoso.local\User00388:falcon
contoso.local\User00389:Hatton
contoso.local\User00390:mickey
contoso.local\User00391:abc123
contoso.local\User00392:internet
contoso.local\User00393:12345678
contoso.local\User00394:Soccer
contoso.local\User00395:notused
contoso.local\User00396:orange
contoso.local\User00397:123456
contoso.local\User00398:Maddock
contoso.local\User00399:dragon
contoso.local\User00400:1234
contoso.local\User00401:Internet
contoso.local\User00402:
contoso.local\User00403:12345
contoso.local\User00404:Hockey
contoso.local\User00405:abc123
contoso.local\User00406:
contoso.local\User00407:michael
contoso.local\User00408:fred
contoso.local\User00409:password
contoso.local\User00410:123456
contoso.local\User00411:Beavis
contoso.local\User00412:
contoso.local\User00413:computer
contoso.local\User00414:12345
contoso.local\User00415:password
contoso.local\User00416:Soccer
contoso.local\User00417:
contoso.local\User00418:
contoso.local\User00419:123456
contoso.local\User00420:notused
contoso.local\User00421:wheeling
contoso.local\User00422:Cowboys
contoso.local\User00423:Mickey
contoso.local\User00424:12345
contoso.local\User00425:Shadow
contoso.local\User00426:123456
contoso.local\User00427:newuser
contoso.local\User00428:123456
contoso.local\User00429:
contoso.local\User00430:notused
contoso.local\User00431:12345
contoso.local\User00432:
contoso.local\User00433:newuser
contoso.local\User00434:newuser
contoso.local\User00435:12345
contoso.local\User00436:internet
contoso.local\User00437:passwd
contoso.local\User00438:123456
contoso.local\User00439:ou812
contoso.local\User00440:notused
contoso.local\User00441:School
contoso.local\User00442:12345678
contoso.local\User00443:notused
contoso.local\User00444:newuser
contoso.local\User00445:passwd
contoso.local\User00446:12345
contoso.local\User00447:Mickey
contoso.local\User00448:newuser
contoso.local\User00449:orange
contoso.local\User00450:12345
contoso.local\User00451:a1b2c3
contoso.local\User00452:1234
contoso.local\User00453:chris
contoso.local\User00454:Monkey
contoso.local\User00455:Mickey
contoso.local\User00456:Beavis
contoso.local\User00457:Hockey
contoso.local\User00458:orange
contoso.local\User00459:12345
contoso.local\User00460:ou812
contoso.local\User00461:newpass
contoso.local\User00462:test
contoso.local\User00463:newpass
contoso.local\User00464:orange
contoso.local\User00465:
contoso.local\User00466:
contoso.local\User00467:jordan
contoso.local\User00468:notused
contoso.local\User00469:money
contoso.local\User00470:123abc
contoso.local\User00471:Internet
contoso.local\User00472:Maddock
contoso.local\User00473:abc123
contoso.local\User00474:
contoso.local\User00475:tigger
contoso.local\User00476:Snoopy
contoso.local\User00477:ou812
contoso.local\User00478:qwerty
contoso.local\User00479:123456
contoso.local\User00480:password
contoso.local\User00481:12345
contoso.local\User00482:newpass
contoso.local\User00483:Maddock
contoso.local\User00484:foobar
contoso.local\User00485:stupid
contoso.local\User00486:123456
contoso.local\User00487:
contoso.local\User00488:Michael
contoso.local\User00489:Jordan
contoso.local\User00490:
contoso.local\User00491:newpass
contoso.local\User00492:Mickey
contoso.local\User00493:
contoso.local\User00494:david
contoso.local\User00495:pascal
contoso.local\User00496:Cowboys
contoso.local\User00497:
contoso.local\User00498:
contoso.local\User00499:passwd
contoso.local\User00500:
contoso.local\User00501:passwd
contoso.local\User00502:
contoso.local\User00503:daniel
contoso.local\User00504:tigger
contoso.local\User00505:
contoso.local\User00506:Vikings
contoso.local\User00507:abc123
contoso.local\User00508:abc123
contoso.local\User00509:Mickey
contoso.local\User00510:clever
contoso.local\User00511:12345
contoso.local\User00512:
contoso.local\User00513:passwd
contoso.local\User00514:
contoso.local\User00515:12345678
contoso.local\User00516:michael
contoso.local\User00517:12345
contoso.local\User00518:12345
contoso.local\User00519:passwd
contoso.local\User00520:maggie
contoso.local\User00521:12345
contoso.local\User00522:Dallas
contoso.local\User00523:passwd
contoso.local\User00524:notused
contoso.local\User00525:password
contoso.local\User00526:clever
contoso.local\User00527:maggie
contoso.local\User00528:computer
contoso.local\User00529:12345
contoso.local\User00530:richard
contoso.local\User00531:
contoso.local\User00532:Maddock
contoso.local\User00533:12345
contoso.local\User00534:money
contoso.local\User00535:123abc
contoso.local\User00536:Beavis
contoso.local\User00537:password
contoso.local\User00538:abc123
contoso.local\User00539:test
contoso.local\User00540:password
contoso.local\User00541:123456
contoso.local\User00542:
contoso.local\User00543:12345
contoso.local\User00544:
contoso.local\User00545:
contoso.local\User00546:
contoso.local\User00547:123456
contoso.local\User00548:internet
contoso.local\User00549:Jordan
contoso.local\User00550:12345
contoso.local\User00551:123456
contoso.local\User00552:computer
contoso.local\User00553:
contoso.local\User00554:newpass
contoso.local\User00555:passwd
contoso.local\User00556:Dakota
contoso.local\User00557:
contoso.local\User00558:123456
contoso.local\User00559:123456
contoso.local\User00560:Cowboys
contoso.local\User00561:password
contoso.local\User00562:abc123
contoso.local\User00563:password
contoso.local\User00564:notused
contoso.local\User00565:Dakota
contoso.local\User00566:1234
contoso.local\User00567:password
contoso.local\User00568:internet
contoso.local\User00569:qwerty
contoso.local\User00570:1234
contoso.local\User00571:newpass
contoso.local\User00572:123456
contoso.local\User00573:Michael
contoso.local\User00574:newpass
contoso.local\User00575:abc123
contoso.local\User00576:newpass
contoso.local\User00577:clever
contoso.local\User00578:12345
contoso.local\User00579:newpass
contoso.local\User00580:computer
contoso.local\User00581:notused
contoso.local\User00582:abc123
contoso.local\User00583:
contoso.local\User00584:qwerty
contoso.local\User00585:newuser
contoso.local\User00586:
contoso.local\User00587:password
contoso.local\User00588:Michael
contoso.local\User00589:newuser
contoso.local\User00590:internet
contoso.local\User00591:12345
contoso.local\User00592:fiction
contoso.local\User00593:notused
contoso.local\User00594:Mickey
contoso.local\User00595:test
contoso.local\User00596:abc123
contoso.local\User00597:test
contoso.local\User00598:password
contoso.local\User00599:Friends
contoso.local\User00600:12345
contoso.local\User00601:School
contoso.local\User00602:
contoso.local\User00603:abc123
contoso.local\User00604:Hockey
contoso.local\User00605:Maddock
contoso.local\User00606:123456
contoso.local\User00607:
contoso.local\User00608:abc123
contoso.local\User00609:password
contoso.local\User00610:test
contoso.local\User00611:0246
contoso.local\User00612:12345678
contoso.local\User00613:
contoso.local\User00614:orange
contoso.local\User00615:password
contoso.local\User00616:passwd
contoso.local\User00617:Hockey
contoso.local\User00618:abc123
contoso.local\User00619:david
contoso.local\User00620:12345
contoso.local\User00621:123456
contoso.local\User00622:password
contoso.local\User00623:Hockey
contoso.local\User00624:Maddock
contoso.local\User00625:newuser
contoso.local\User00626:Hockey
contoso.local\User00627:123456
contoso.local\User00628:computer
contoso.local\User00629:123456
contoso.local\User00630:ou812
contoso.local\User00631:orange
contoso.local\User00632:password
contoso.local\User00633:passwd
contoso.local\User00634:newuser
contoso.local\User00635:12345
contoso.local\User00636:qwerty
contoso.local\User00637:123456
contoso.local\User00638:12345678
contoso.local\User00639:12345
contoso.local\User00640:Internet
contoso.local\User00641:passwd
contoso.local\User00642:notused
contoso.local\User00643:123456
contoso.local\User00644:notused
contoso.local\User00645:qwerty
contoso.local\User00646:password
contoso.local\User00647:computer
contoso.local\User00648:
contoso.local\User00649:password
contoso.local\User00650:Hatton
contoso.local\User00651:
contoso.local\User00652:newuser
contoso.local\User00653:
contoso.local\User00654:notused
contoso.local\User00655:Snoopy
contoso.local\User00656:
contoso.local\User00657:Hockey
contoso.local\User00658:
contoso.local\User00659:mustang
contoso.local\User00660:Mickey
contoso.local\User00661:Jordan
contoso.local\User00662:Internet
contoso.local\User00663:
contoso.local\User00664:
contoso.local\User00665:newuser
contoso.local\User00666:Eagles
contoso.local\User00667:Monkey
contoso.local\User00668:qwerty
contoso.local\User00669:Cowboys
contoso.local\User00670:abc123
contoso.local\User00671:Hatton
contoso.local\User00672:password
contoso.local\User00673:12345
contoso.local\User00674:newpass
contoso.local\User00675:passwd
contoso.local\User00676:12345
contoso.local\User00677:123456
contoso.local\User00678:jennifer
contoso.local\User00679:newpass
contoso.local\User00680:newpass
contoso.local\User00681:fiction
contoso.local\User00682:Hockey
contoso.local\User00683:12345
contoso.local\User00684:0246
contoso.local\User00685:newpass
contoso.local\User00686:orange
contoso.local\User00687:123456
contoso.local\User00688:Beavis
contoso.local\User00689:123456
contoso.local\User00690:abc123
contoso.local\User00691:abc123
contoso.local\User00692:apple
contoso.local\User00693:Maddock
contoso.local\User00694:
contoso.local\User00695:123456
contoso.local\User00696:abc123
contoso.local\User00697:
contoso.local\User00698:12345
contoso.local\User00699:
contoso.local\User00700:computer
contoso.local\User00701:12345
contoso.local\User00702:12345678
contoso.local\User00703:newuser
contoso.local\User00704:fiction
contoso.local\User00705:Hockey
contoso.local\User00706:password
contoso.local\User00707:Qwerty
contoso.local\User00708:passwd
contoso.local\User00709:newpass
contoso.local\User00710:newuser
contoso.local\User00711:Hockey
contoso.local\User00712:hello
contoso.local\User00713:andrew
contoso.local\User00714:harley
contoso.local\User00715:jordan
contoso.local\User00716:Maddock
contoso.local\User00717:notused
contoso.local\User00718:fiction
contoso.local\User00719:abc123
contoso.local\User00720:password
contoso.local\User00721:
contoso.local\User00722:12345
contoso.local\User00723:
contoso.local\User00724:Internet
contoso.local\User00725:12345
contoso.local\User00726:orange
contoso.local\User00727:Mickey
contoso.local\User00728:Sendit
contoso.local\User00729:123456
contoso.local\User00730:foobar
contoso.local\User00731:newpass
contoso.local\User00732:passwd
contoso.local\User00733:
contoso.local\User00734:School
contoso.local\User00735:1234
contoso.local\User00736:password
contoso.local\User00737:newpass
contoso.local\User00738:passwd
contoso.local\User00739:
contoso.local\User00740:
contoso.local\User00741:passwd
contoso.local\User00742:abc123
contoso.local\User00743:Hockey
contoso.local\User00744:12345
contoso.local\User00745:abc123
contoso.local\User00746:Mickey
contoso.local\User00747:Jordan
contoso.local\User00748:password
contoso.local\User00749:michael
contoso.local\User00750:abc123
contoso.local\User00751:passwd
contoso.local\User00752:fiction
contoso.local\User00753:
contoso.local\User00754:jordan
contoso.local\User00755:
contoso.local\User00756:newpass
contoso.local\User00757:Cowboys
contoso.local\User00758:
contoso.local\User00759:Beavis
contoso.local\User00760:michelle
contoso.local\User00761:newpass
contoso.local\User00762:12345
contoso.local\User00763:
contoso.local\User00764:
contoso.local\User00765:Michael
contoso.local\User00766:123456
contoso.local\User00767:david
contoso.local\User00768:newpass
contoso.local\User00769:
contoso.local\User00770:newpass
contoso.local\User00771:test
contoso.local\User00772:Soccer
contoso.local\User00773:
contoso.local\User00774:12345
contoso.local\User00775:notused
contoso.local\User00776:12345
contoso.local\User00777:mustang
contoso.local\User00778:jordan
contoso.local\User00779:password
contoso.local\User00780:newpass
contoso.local\User00781:internet
contoso.local\User00782:password
contoso.local\User00783:internet
contoso.local\User00784:abc123
contoso.local\User00785:password
contoso.local\User00786:newpass
contoso.local\User00787:12345678
contoso.local\User00788:internet
contoso.local\User00789:abc123
contoso.local\User00790:abc123
contoso.local\User00791:12345
contoso.local\User00792:ou812
contoso.local\User00793:
contoso.local\User00794:Jordan
contoso.local\User00795:abc123
contoso.local\User00796:password
contoso.local\User00797:Jordan
contoso.local\User00798:Internet
contoso.local\User00799:Jordan
contoso.local\User00800:Hockey
contoso.local\User00801:michael
contoso.local\User00802:12345
contoso.local\User00803:computer
contoso.local\User00804:12345
contoso.local\User00805:Jordan
contoso.local\User00806:passwd
contoso.local\User00807:Mickey
contoso.local\User00808:fiction
contoso.local\User00809:Internet
contoso.local\User00810:abc123
contoso.local\User00811:Soccer
contoso.local\User00812:abc123
contoso.local\User00813:Hockey
contoso.local\User00814:Mickey
contoso.local\User00815:abc123
contoso.local\User00816:newuser
contoso.local\User00817:password
contoso.local\User00818:12345
contoso.local\User00819:Beavis
contoso.local\User00820:internet
contoso.local\User00821:passwd
contoso.local\User00822:Maddock
contoso.local\User00823:
contoso.local\User00824:12345
contoso.local\User00825:123456
contoso.local\User00826:diamond
contoso.local\User00827:Hockey
contoso.local\User00828:
contoso.local\User00829:test
contoso.local\User00830:ou812
contoso.local\User00831:Michael
contoso.local\User00832:Maddock
contoso.local\User00833:qwerty
contoso.local\User00834:abc123
contoso.local\User00835:Jordan
contoso.local\User00836:123
contoso.local\User00837:test
contoso.local\User00838:passwd
contoso.local\User00839:12345678
contoso.local\User00840:newuser
contoso.local\User00841:money
contoso.local\User00842:12345
contoso.local\User00843:shadow
contoso.local\User00844:Hockey
contoso.local\User00845:passwd
contoso.local\User00846:newpass
contoso.local\User00847:
contoso.local\User00848:abc123
contoso.local\User00849:Internet
contoso.local\User00850:Internet
contoso.local\User00851:notused
contoso.local\User00852:sunshine
contoso.local\User00853:notused
contoso.local\User00854:password
contoso.local\User00855:Sports
contoso.local\User00856:abc123
contoso.local\User00857:12345678
contoso.local\User00858:fiction
contoso.local\User00859:tigger
contoso.local\User00860:orange
contoso.local\User00861:123456
contoso.local\User00862:
contoso.local\User00863:
contoso.local\User00864:Cowboys
contoso.local\User00865:pascal
contoso.local\User00866:passwd
contoso.local\User00867:newpass
contoso.local\User00868:Cowboys
contoso.local\User00869:Internet
contoso.local\User00870:abc123
contoso.local\User00871:Mickey
contoso.local\User00872:password
contoso.local\User00873:passwd
contoso.local\User00874:internet
contoso.local\User00875:Jordan
contoso.local\User00876:12345
contoso.local\User00877:
contoso.local\User00878:newuser
contoso.local\User00879:
contoso.local\User00880:
contoso.local\User00881:abc123
contoso.local\User00882:Internet
contoso.local\User00883:
contoso.local\User00884:
contoso.local\User00885:Smokey
contoso.local\User00886:123456
contoso.local\User00887:Vikings
contoso.local\User00888:abc123
contoso.local\User00889:newpass
contoso.local\User00890:passwd
contoso.local\User00891:12345
contoso.local\User00892:passwd
contoso.local\User00893:Shadow
contoso.local\User00894:Hatton
contoso.local\User00895:123456
contoso.local\User00896:123456
contoso.local\User00897:password
contoso.local\User00898:Hockey
contoso.local\User00899:Jordan
contoso.local\User00900:Mickey
contoso.local\User00901:newpass
contoso.local\User00902:
contoso.local\User00903:foobar
contoso.local\User00904:123456
contoso.local\User00905:123456
contoso.local\User00906:
contoso.local\User00907:12345
contoso.local\User00908:mustang
contoso.local\User00909:Hockey
contoso.local\User00910:Jordan
contoso.local\User00911:12345
contoso.local\User00912:passwd
contoso.local\User00913:Purple
contoso.local\User00914:tigger
contoso.local\User00915:abc123
contoso.local\User00916:
contoso.local\User00917:Beavis
contoso.local\User00918:12345
contoso.local\User00919:orange
contoso.local\User00920:Mickey
contoso.local\User00921:12345
contoso.local\User00922:
contoso.local\User00923:buster
contoso.local\User00924:12345678
contoso.local\User00925:newuser
contoso.local\User00926:newpass
contoso.local\User00927:12345
contoso.local\User00928:12345678
contoso.local\User00929:abc123
contoso.local\User00930:Beavis
contoso.local\User00931:Jordan
contoso.local\User00932:
contoso.local\User00933:jordan
contoso.local\User00934:
contoso.local\User00935:
contoso.local\User00936:password
contoso.local\User00937:12345
contoso.local\User00938:abc123
contoso.local\User00939:passwd
contoso.local\User00940:Jordan
contoso.local\User00941:123456
contoso.local\User00942:password
contoso.local\User00943:notused
contoso.local\User00944:123456
contoso.local\User00945:password
contoso.local\User00946:money
contoso.local\User00947:internet
contoso.local\User00948:joshua
contoso.local\User00949:Michael
contoso.local\User00950:Maddock
contoso.local\User00951:abc123
contoso.local\User00952:Mickey
contoso.local\User00953:newpass
contoso.local\User00954:Cowboys
contoso.local\User00955:123456
contoso.local\User00956:notused
contoso.local\User00957:
contoso.local\User00958:Jordan
contoso.local\User00959:
contoso.local\User00960:Mickey
contoso.local\User00961:Maddock
contoso.local\User00962:ou812
contoso.local\User00963:password
contoso.local\User00964:Mickey
contoso.local\User00965:abc123
contoso.local\User00966:Hockey
contoso.local\User00967:passwd
contoso.local\User00968:michelle
contoso.local\User00969:Smokey
contoso.local\User00970:abc123
contoso.local\User00971:Maddock
contoso.local\User00972:passwd
contoso.local\User00973:Nicole
contoso.local\User00974:Robert
contoso.local\User00975:Maddock
contoso.local\User00976:Cowboys
contoso.local\User00977:Mickey
contoso.local\User00978:passwd
contoso.local\User00979:chris
contoso.local\User00980:money
contoso.local\User00981:passwd
contoso.local\User00982:Hatton
contoso.local\User00983:
contoso.local\User00984:123
contoso.local\User00985:Maddock
contoso.local\User00986:sunshine
contoso.local\User00987:passwd
contoso.local\User00988:newuser
contoso.local\User00989:password
contoso.local\User00990:ou812
contoso.local\User00991:12345678
contoso.local\User00992:Summer
contoso.local\User00993:
contoso.local\User00994:12345
contoso.local\User00995:
contoso.local\User00996:12345
contoso.local\User00997:harley
contoso.local\User00998:Dakota
contoso.local\User00999:notused
contoso.local\User01300:
contoso.local\User01301:
contoso.local\User01302:
contoso.local\User01303:
contoso.local\User01304:
contoso.local\User01305:
contoso.local\User01306:
contoso.local\User01307:
contoso.local\User01308:
contoso.local\User01309:
contoso.local\User01310:
contoso.local\User01311:
contoso.local\User01312:user
contoso.local\User01313:user01313
contoso.local\User01314:User01314
